QAflisp - FLISP Absolute crossassembler, Version 1.0
(c) GMV 1989-2015


File: DisplaySeg.lst
FC                      1. DIPSWITCH:	EQU	$FC
FB                      2. SEGMENT7:	EQU	$FB
79                      3. SEG_ERROR:      	EQU     %01111001
                        4. 
20                      5. 		ORG	$20    
                        6. 
20 90 70                7. DisplaySegE: 	LDX     #Segmentkod
                        8. 
22 F1 FC                9. DisplatSegE_1:  	LDA     DIPSWITCH
24 97 0A               10. 		CMPA    #10
26 28 04               11. 		BCS     DisplaySegE_2
28 F0 79               12. 		LDA     #SEG_ERROR
2A 21 03               13. 		BRA     DisplaySegE_3
                       14. 
2C F1 FC               15. DisplaySegE_2:	LDA	DIPSWITCH
2E F4                  16. 		LDA	A,X
                       17. 
2F E1 FB               18. DisplaySegE_3:	STA 	SEGMENT7
                       19. 
                       20. 
                       21. 
70                     22. 		ORG 	$70
70 77 23 5B 6B 2D      23. Segmentkod:	FCB	$77,$23,$5B,$6B,$2D
75 6C 7C 77 8F 2F      24.          	FCB	$6C,$7C,$77,$8F,$2F
                       25. 
FF                     26. 		ORG  	$FF
FF 20                  27. 		FCB 	$20